C:\Dev\workspace-aspectj\org.eclipse.ajdt\testdata\figures-demo\figures\Box.java
C:\Dev\workspace-aspectj\org.eclipse.ajdt\testdata\figures-demo\figures\Canvas.java
C:\Dev\workspace-aspectj\org.eclipse.ajdt\testdata\figures-demo\figures\ColorControl.java
C:\Dev\workspace-aspectj\org.eclipse.ajdt\testdata\figures-demo\figures\FigureElement.java
C:\Dev\workspace-aspectj\org.eclipse.ajdt\testdata\figures-demo\figures\Group.java
C:\Dev\workspace-aspectj\org.eclipse.ajdt\testdata\figures-demo\figures\gui\FigurePanel.java
C:\Dev\workspace-aspectj\org.eclipse.ajdt\testdata\figures-demo\figures\gui\LogAdapter.java
C:\Dev\workspace-aspectj\org.eclipse.ajdt\testdata\figures-demo\figures\gui\Main.java
C:\Dev\workspace-aspectj\org.eclipse.ajdt\testdata\figures-demo\figures\Line.java
C:\Dev\workspace-aspectj\org.eclipse.ajdt\testdata\figures-demo\figures\Point.java
C:\Dev\workspace-aspectj\org.eclipse.ajdt\testdata\figures-demo\figures\ShapeFigureElement.java
C:\Dev\workspace-aspectj\org.eclipse.ajdt\testdata\figures-demo\figures\SlothfulPoint.java
C:\Dev\workspace-aspectj\org.eclipse.ajdt\testdata\figures-demo\figures\support\Enforcement.java
C:\Dev\workspace-aspectj\org.eclipse.ajdt\testdata\figures-demo\figures\support\HistoryManagement.java
C:\Dev\workspace-aspectj\org.eclipse.ajdt\testdata\figures-demo\figures\support\LineLogger.java
C:\Dev\workspace-aspectj\org.eclipse.ajdt\testdata\figures-demo\figures\support\Log.java
