E:\eclipse-SDK-3.0-win32\eclipse\workspace-ajdt\org.eclipse.contribution.visualiser\src\org\eclipse\contribution\visualiser\core\DefaultVisualiserPalette.java
E:\eclipse-SDK-3.0-win32\eclipse\workspace-ajdt\org.eclipse.contribution.visualiser\src\org\eclipse\contribution\visualiser\core\MarkupUtils.java
E:\eclipse-SDK-3.0-win32\eclipse\workspace-ajdt\org.eclipse.contribution.visualiser\src\org\eclipse\contribution\visualiser\core\PaletteDefinition.java
E:\eclipse-SDK-3.0-win32\eclipse\workspace-ajdt\org.eclipse.contribution.visualiser\src\org\eclipse\contribution\visualiser\core\PaletteManager.java
E:\eclipse-SDK-3.0-win32\eclipse\workspace-ajdt\org.eclipse.contribution.visualiser\src\org\eclipse\contribution\visualiser\core\ProviderDefinition.java
E:\eclipse-SDK-3.0-win32\eclipse\workspace-ajdt\org.eclipse.contribution.visualiser\src\org\eclipse\contribution\visualiser\core\ProviderManager.java
E:\eclipse-SDK-3.0-win32\eclipse\workspace-ajdt\org.eclipse.contribution.visualiser\src\org\eclipse\contribution\visualiser\core\RendererDefinition.java
E:\eclipse-SDK-3.0-win32\eclipse\workspace-ajdt\org.eclipse.contribution.visualiser\src\org\eclipse\contribution\visualiser\core\RendererManager.java
E:\eclipse-SDK-3.0-win32\eclipse\workspace-ajdt\org.eclipse.contribution.visualiser\src\org\eclipse\contribution\visualiser\core\resources\VisualiserImages.java
E:\eclipse-SDK-3.0-win32\eclipse\workspace-ajdt\org.eclipse.contribution.visualiser\src\org\eclipse\contribution\visualiser\core\Stripe.java
E:\eclipse-SDK-3.0-win32\eclipse\workspace-ajdt\org.eclipse.contribution.visualiser\src\org\eclipse\contribution\visualiser\interfaces\IContentProvider.java
E:\eclipse-SDK-3.0-win32\eclipse\workspace-ajdt\org.eclipse.contribution.visualiser\src\org\eclipse\contribution\visualiser\interfaces\IGroup.java
E:\eclipse-SDK-3.0-win32\eclipse\workspace-ajdt\org.eclipse.contribution.visualiser\src\org\eclipse\contribution\visualiser\interfaces\IMarkupKind.java
E:\eclipse-SDK-3.0-win32\eclipse\workspace-ajdt\org.eclipse.contribution.visualiser\src\org\eclipse\contribution\visualiser\interfaces\IMarkupProvider.java
E:\eclipse-SDK-3.0-win32\eclipse\workspace-ajdt\org.eclipse.contribution.visualiser\src\org\eclipse\contribution\visualiser\interfaces\IMember.java
E:\eclipse-SDK-3.0-win32\eclipse\workspace-ajdt\org.eclipse.contribution.visualiser\src\org\eclipse\contribution\visualiser\interfaces\IVisualiserPalette.java
E:\eclipse-SDK-3.0-win32\eclipse\workspace-ajdt\org.eclipse.contribution.visualiser\src\org\eclipse\contribution\visualiser\interfaces\IVisualiserRenderer.java
E:\eclipse-SDK-3.0-win32\eclipse\workspace-ajdt\org.eclipse.contribution.visualiser\src\org\eclipse\contribution\visualiser\interfaces\simpleImpl\FileContentProvider.java
E:\eclipse-SDK-3.0-win32\eclipse\workspace-ajdt\org.eclipse.contribution.visualiser\src\org\eclipse\contribution\visualiser\interfaces\simpleImpl\FileMarkupProvider.java
E:\eclipse-SDK-3.0-win32\eclipse\workspace-ajdt\org.eclipse.contribution.visualiser\src\org\eclipse\contribution\visualiser\interfaces\simpleImpl\NullMarkupProvider.java
E:\eclipse-SDK-3.0-win32\eclipse\workspace-ajdt\org.eclipse.contribution.visualiser\src\org\eclipse\contribution\visualiser\interfaces\simpleImpl\ResourceMember.java
E:\eclipse-SDK-3.0-win32\eclipse\workspace-ajdt\org.eclipse.contribution.visualiser\src\org\eclipse\contribution\visualiser\interfaces\simpleImpl\SimpleContentProvider.java
E:\eclipse-SDK-3.0-win32\eclipse\workspace-ajdt\org.eclipse.contribution.visualiser\src\org\eclipse\contribution\visualiser\interfaces\simpleImpl\SimpleGroup.java
E:\eclipse-SDK-3.0-win32\eclipse\workspace-ajdt\org.eclipse.contribution.visualiser\src\org\eclipse\contribution\visualiser\interfaces\simpleImpl\SimpleMarkupKind.java
E:\eclipse-SDK-3.0-win32\eclipse\workspace-ajdt\org.eclipse.contribution.visualiser\src\org\eclipse\contribution\visualiser\interfaces\simpleImpl\SimpleMarkupProvider.java
E:\eclipse-SDK-3.0-win32\eclipse\workspace-ajdt\org.eclipse.contribution.visualiser\src\org\eclipse\contribution\visualiser\interfaces\simpleImpl\SimpleMember.java
E:\eclipse-SDK-3.0-win32\eclipse\workspace-ajdt\org.eclipse.contribution.visualiser\src\org\eclipse\contribution\visualiser\interfaces\simpleImpl\StealthMarkupKind.java
E:\eclipse-SDK-3.0-win32\eclipse\workspace-ajdt\org.eclipse.contribution.visualiser\src\org\eclipse\contribution\visualiser\internal\preference\VisualiserPreferencePage.java
E:\eclipse-SDK-3.0-win32\eclipse\workspace-ajdt\org.eclipse.contribution.visualiser\src\org\eclipse\contribution\visualiser\internal\preference\VisualiserPreferences.java
E:\eclipse-SDK-3.0-win32\eclipse\workspace-ajdt\org.eclipse.contribution.visualiser\src\org\eclipse\contribution\visualiser\internal\preference\VisualiserPreferencesDialog.java
E:\eclipse-SDK-3.0-win32\eclipse\workspace-ajdt\org.eclipse.contribution.visualiser\src\org\eclipse\contribution\visualiser\jdtimpl\JDTContentProvider.java
E:\eclipse-SDK-3.0-win32\eclipse\workspace-ajdt\org.eclipse.contribution.visualiser\src\org\eclipse\contribution\visualiser\jdtimpl\JDTGroup.java
E:\eclipse-SDK-3.0-win32\eclipse\workspace-ajdt\org.eclipse.contribution.visualiser\src\org\eclipse\contribution\visualiser\jdtimpl\JDTMarkupProvider.java
E:\eclipse-SDK-3.0-win32\eclipse\workspace-ajdt\org.eclipse.contribution.visualiser\src\org\eclipse\contribution\visualiser\jdtimpl\JDTMember.java
E:\eclipse-SDK-3.0-win32\eclipse\workspace-ajdt\org.eclipse.contribution.visualiser\src\org\eclipse\contribution\visualiser\jdtimpl\JDTSearchResultsContentProvider.java
E:\eclipse-SDK-3.0-win32\eclipse\workspace-ajdt\org.eclipse.contribution.visualiser\src\org\eclipse\contribution\visualiser\jdtimpl\JDTSearchResultsMarkupProvider.java
E:\eclipse-SDK-3.0-win32\eclipse\workspace-ajdt\org.eclipse.contribution.visualiser\src\org\eclipse\contribution\visualiser\markerimpl\MarkerMarkupProvider.java
E:\eclipse-SDK-3.0-win32\eclipse\workspace-ajdt\org.eclipse.contribution.visualiser\src\org\eclipse\contribution\visualiser\markerimpl\ResourceContentProvider.java
E:\eclipse-SDK-3.0-win32\eclipse\workspace-ajdt\org.eclipse.contribution.visualiser\src\org\eclipse\contribution\visualiser\markerimpl\ResourceMember.java
E:\eclipse-SDK-3.0-win32\eclipse\workspace-ajdt\org.eclipse.contribution.visualiser\src\org\eclipse\contribution\visualiser\utils\JDTUtils.java
E:\eclipse-SDK-3.0-win32\eclipse\workspace-ajdt\org.eclipse.contribution.visualiser\src\org\eclipse\contribution\visualiser\utils\RenderingMonitor.java
E:\eclipse-SDK-3.0-win32\eclipse\workspace-ajdt\org.eclipse.contribution.visualiser\src\org\eclipse\contribution\visualiser\utils\RenderingMonitorInfo.aj
E:\eclipse-SDK-3.0-win32\eclipse\workspace-ajdt\org.eclipse.contribution.visualiser\src\org\eclipse\contribution\visualiser\views\CylinderRenderer.java
E:\eclipse-SDK-3.0-win32\eclipse\workspace-ajdt\org.eclipse.contribution.visualiser\src\org\eclipse\contribution\visualiser\views\DefaultVisualiserRenderer.java
E:\eclipse-SDK-3.0-win32\eclipse\workspace-ajdt\org.eclipse.contribution.visualiser\src\org\eclipse\contribution\visualiser\views\GradientVisualiserRenderer.java
E:\eclipse-SDK-3.0-win32\eclipse\workspace-ajdt\org.eclipse.contribution.visualiser\src\org\eclipse\contribution\visualiser\views\Menu.java
E:\eclipse-SDK-3.0-win32\eclipse\workspace-ajdt\org.eclipse.contribution.visualiser\src\org\eclipse\contribution\visualiser\views\Visualiser.java
E:\eclipse-SDK-3.0-win32\eclipse\workspace-ajdt\org.eclipse.contribution.visualiser\src\org\eclipse\contribution\visualiser\views\VisualiserCanvas.java
E:\eclipse-SDK-3.0-win32\eclipse\workspace-ajdt\org.eclipse.contribution.visualiser\src\org\eclipse\contribution\visualiser\VisualiserPlugin.java
