!!*** EQUINOX ASPECTS ******
plugin@org.eclipse.equinox.weaving.aspectj=R3_6_2,:pserver:anonymous@dev.eclipse.org:/cvsroot/rt,,org.eclipse.equinox/weaving/bundles/org.eclipse.equinox.weaving.aspectj
plugin@org.eclipse.equinox.weaving.caching=R3_6_2,:pserver:anonymous@dev.eclipse.org:/cvsroot/rt,,org.eclipse.equinox/weaving/bundles/org.eclipse.equinox.weaving.caching
plugin@org.eclipse.equinox.weaving.caching.j9=R3_6_2,:pserver:anonymous@dev.eclipse.org:/cvsroot/rt,,org.eclipse.equinox/weaving/bundles/org.eclipse.equinox.weaving.caching.j9
fragment@org.eclipse.equinox.weaving.hook=R3_6_2,:pserver:anonymous@dev.eclipse.org:/cvsroot/rt,,org.eclipse.equinox/weaving/bundles/org.eclipse.equinox.weaving.hook
feature@org.eclipse.equinox.weaving.sdk=R3_6_2,:pserver:anonymous@dev.eclipse.org:/cvsroot/rt,,org.eclipse.equinox/weaving/features/org.eclipse.equinox.weaving.sdk
feature@org.eclipse.license=v20110121,:pserver:anonymous@dev.eclipse.org:/cvsroot/eclipse,,org.eclipse.sdk-feature/features/org.eclipse.license
