C:\Dev\workspace-aspectj\org.eclipse.ajdt\testdata\spacewar\src\coordination\Condition.java
C:\Dev\workspace-aspectj\org.eclipse.ajdt\testdata\spacewar\src\coordination\CoordinationAction.java
C:\Dev\workspace-aspectj\org.eclipse.ajdt\testdata\spacewar\src\coordination\Coordinator.java
C:\Dev\workspace-aspectj\org.eclipse.ajdt\testdata\spacewar\src\coordination\Exclusion.java
C:\Dev\workspace-aspectj\org.eclipse.ajdt\testdata\spacewar\src\coordination\MethodState.java
C:\Dev\workspace-aspectj\org.eclipse.ajdt\testdata\spacewar\src\coordination\Mutex.java
C:\Dev\workspace-aspectj\org.eclipse.ajdt\testdata\spacewar\src\coordination\Selfex.java
C:\Dev\workspace-aspectj\org.eclipse.ajdt\testdata\spacewar\src\coordination\TimeoutException.java
C:\Dev\workspace-aspectj\org.eclipse.ajdt\testdata\spacewar\src\spacewar\Bullet.java
C:\Dev\workspace-aspectj\org.eclipse.ajdt\testdata\spacewar\src\spacewar\Debug.java
C:\Dev\workspace-aspectj\org.eclipse.ajdt\testdata\spacewar\src\spacewar\Display.java
C:\Dev\workspace-aspectj\org.eclipse.ajdt\testdata\spacewar\src\spacewar\Display1.java
C:\Dev\workspace-aspectj\org.eclipse.ajdt\testdata\spacewar\src\spacewar\Display2.java
C:\Dev\workspace-aspectj\org.eclipse.ajdt\testdata\spacewar\src\spacewar\EnergyPacket.java
C:\Dev\workspace-aspectj\org.eclipse.ajdt\testdata\spacewar\src\spacewar\EnergyPacketProducer.java
C:\Dev\workspace-aspectj\org.eclipse.ajdt\testdata\spacewar\src\spacewar\EnsureShipIsAlive.java
C:\Dev\workspace-aspectj\org.eclipse.ajdt\testdata\spacewar\src\spacewar\Game.java
C:\Dev\workspace-aspectj\org.eclipse.ajdt\testdata\spacewar\src\spacewar\GameSynchronization.java
C:\Dev\workspace-aspectj\org.eclipse.ajdt\testdata\spacewar\src\spacewar\Pilot.java
C:\Dev\workspace-aspectj\org.eclipse.ajdt\testdata\spacewar\src\spacewar\Player.java
C:\Dev\workspace-aspectj\org.eclipse.ajdt\testdata\spacewar\src\spacewar\Registry.java
C:\Dev\workspace-aspectj\org.eclipse.ajdt\testdata\spacewar\src\spacewar\RegistrySynchronization.java
C:\Dev\workspace-aspectj\org.eclipse.ajdt\testdata\spacewar\src\spacewar\Robot.java
C:\Dev\workspace-aspectj\org.eclipse.ajdt\testdata\spacewar\src\spacewar\Ship.java
C:\Dev\workspace-aspectj\org.eclipse.ajdt\testdata\spacewar\src\spacewar\SpaceObject.java
C:\Dev\workspace-aspectj\org.eclipse.ajdt\testdata\spacewar\src\spacewar\SWFrame.java
C:\Dev\workspace-aspectj\org.eclipse.ajdt\testdata\spacewar\src\spacewar\Timer.java
